// Jest Snapshot v1, https://goo.gl/fbAQLP

exports[`Gilded Rose should foo 1`] = `
Object {
  "+5 Dexterity Vest,-1": "{\\"name\\":\\"+5 Dexterity Vest\\",\\"sellIn\\":-1,\\"quality\\":-1}",
  "+5 Dexterity Vest,0": "{\\"name\\":\\"+5 Dexterity Vest\\",\\"sellIn\\":-1,\\"quality\\":0}",
  "+5 Dexterity Vest,1": "{\\"name\\":\\"+5 Dexterity Vest\\",\\"sellIn\\":-1,\\"quality\\":0}",
  "+5 Dexterity Vest,49": "{\\"name\\":\\"+5 Dexterity Vest\\",\\"sellIn\\":-1,\\"quality\\":47}",
  "+5 Dexterity Vest,50": "{\\"name\\":\\"+5 Dexterity Vest\\",\\"sellIn\\":-1,\\"quality\\":48}",
  "+5 Dexterity Vest,51": "{\\"name\\":\\"+5 Dexterity Vest\\",\\"sellIn\\":-1,\\"quality\\":49}",
  "Aged Brie,-1": "{\\"name\\":\\"Aged Brie\\",\\"sellIn\\":-1,\\"quality\\":1}",
  "Aged Brie,0": "{\\"name\\":\\"Aged Brie\\",\\"sellIn\\":-1,\\"quality\\":2}",
  "Aged Brie,1": "{\\"name\\":\\"Aged Brie\\",\\"sellIn\\":-1,\\"quality\\":3}",
  "Aged Brie,49": "{\\"name\\":\\"Aged Brie\\",\\"sellIn\\":-1,\\"quality\\":50}",
  "Aged Brie,50": "{\\"name\\":\\"Aged Brie\\",\\"sellIn\\":-1,\\"quality\\":50}",
  "Aged Brie,51": "{\\"name\\":\\"Aged Brie\\",\\"sellIn\\":-1,\\"quality\\":51}",
  "Backstage passes to a TAFKAL80ETC concert,-1": "{\\"name\\":\\"Backstage passes to a TAFKAL80ETC concert\\",\\"sellIn\\":-1,\\"quality\\":0}",
  "Backstage passes to a TAFKAL80ETC concert,0": "{\\"name\\":\\"Backstage passes to a TAFKAL80ETC concert\\",\\"sellIn\\":-1,\\"quality\\":0}",
  "Backstage passes to a TAFKAL80ETC concert,1": "{\\"name\\":\\"Backstage passes to a TAFKAL80ETC concert\\",\\"sellIn\\":-1,\\"quality\\":0}",
  "Backstage passes to a TAFKAL80ETC concert,49": "{\\"name\\":\\"Backstage passes to a TAFKAL80ETC concert\\",\\"sellIn\\":-1,\\"quality\\":0}",
  "Backstage passes to a TAFKAL80ETC concert,50": "{\\"name\\":\\"Backstage passes to a TAFKAL80ETC concert\\",\\"sellIn\\":-1,\\"quality\\":0}",
  "Backstage passes to a TAFKAL80ETC concert,51": "{\\"name\\":\\"Backstage passes to a TAFKAL80ETC concert\\",\\"sellIn\\":-1,\\"quality\\":0}",
  "Elixir of the Mongoose,-1": "{\\"name\\":\\"Elixir of the Mongoose\\",\\"sellIn\\":-1,\\"quality\\":-1}",
  "Elixir of the Mongoose,0": "{\\"name\\":\\"Elixir of the Mongoose\\",\\"sellIn\\":-1,\\"quality\\":0}",
  "Elixir of the Mongoose,1": "{\\"name\\":\\"Elixir of the Mongoose\\",\\"sellIn\\":-1,\\"quality\\":0}",
  "Elixir of the Mongoose,49": "{\\"name\\":\\"Elixir of the Mongoose\\",\\"sellIn\\":-1,\\"quality\\":47}",
  "Elixir of the Mongoose,50": "{\\"name\\":\\"Elixir of the Mongoose\\",\\"sellIn\\":-1,\\"quality\\":48}",
  "Elixir of the Mongoose,51": "{\\"name\\":\\"Elixir of the Mongoose\\",\\"sellIn\\":-1,\\"quality\\":49}",
  "Sulfuras, Hand of Ragnaros,-1": "{\\"name\\":\\"Sulfuras, Hand of Ragnaros\\",\\"sellIn\\":0,\\"quality\\":-1}",
  "Sulfuras, Hand of Ragnaros,0": "{\\"name\\":\\"Sulfuras, Hand of Ragnaros\\",\\"sellIn\\":0,\\"quality\\":0}",
  "Sulfuras, Hand of Ragnaros,1": "{\\"name\\":\\"Sulfuras, Hand of Ragnaros\\",\\"sellIn\\":0,\\"quality\\":1}",
  "Sulfuras, Hand of Ragnaros,49": "{\\"name\\":\\"Sulfuras, Hand of Ragnaros\\",\\"sellIn\\":0,\\"quality\\":49}",
  "Sulfuras, Hand of Ragnaros,50": "{\\"name\\":\\"Sulfuras, Hand of Ragnaros\\",\\"sellIn\\":0,\\"quality\\":50}",
  "Sulfuras, Hand of Ragnaros,51": "{\\"name\\":\\"Sulfuras, Hand of Ragnaros\\",\\"sellIn\\":0,\\"quality\\":51}",
  "foo,-1": "{\\"name\\":\\"foo\\",\\"sellIn\\":-1,\\"quality\\":-1}",
  "foo,0": "{\\"name\\":\\"foo\\",\\"sellIn\\":-1,\\"quality\\":0}",
  "foo,1": "{\\"name\\":\\"foo\\",\\"sellIn\\":-1,\\"quality\\":0}",
  "foo,49": "{\\"name\\":\\"foo\\",\\"sellIn\\":-1,\\"quality\\":47}",
  "foo,50": "{\\"name\\":\\"foo\\",\\"sellIn\\":-1,\\"quality\\":48}",
  "foo,51": "{\\"name\\":\\"foo\\",\\"sellIn\\":-1,\\"quality\\":49}",
}
`;
