// Jest Snapshot v1, https://goo.gl/fbAQLP

exports[`Gilded Rose should foo 1`] = `
Object {
  "+5 Dexterity Vest,-1,-1": "{\\"name\\":\\"+5 Dexterity Vest\\",\\"sellIn\\":-2,\\"quality\\":-1}",
  "+5 Dexterity Vest,-1,0": "{\\"name\\":\\"+5 Dexterity Vest\\",\\"sellIn\\":-1,\\"quality\\":-1}",
  "+5 Dexterity Vest,-1,1": "{\\"name\\":\\"+5 Dexterity Vest\\",\\"sellIn\\":0,\\"quality\\":-1}",
  "+5 Dexterity Vest,-1,10": "{\\"name\\":\\"+5 Dexterity Vest\\",\\"sellIn\\":9,\\"quality\\":-1}",
  "+5 Dexterity Vest,-1,11": "{\\"name\\":\\"+5 Dexterity Vest\\",\\"sellIn\\":10,\\"quality\\":-1}",
  "+5 Dexterity Vest,-1,12": "{\\"name\\":\\"+5 Dexterity Vest\\",\\"sellIn\\":11,\\"quality\\":-1}",
  "+5 Dexterity Vest,-1,13": "{\\"name\\":\\"+5 Dexterity Vest\\",\\"sellIn\\":12,\\"quality\\":-1}",
  "+5 Dexterity Vest,-1,14": "{\\"name\\":\\"+5 Dexterity Vest\\",\\"sellIn\\":13,\\"quality\\":-1}",
  "+5 Dexterity Vest,-1,2": "{\\"name\\":\\"+5 Dexterity Vest\\",\\"sellIn\\":1,\\"quality\\":-1}",
  "+5 Dexterity Vest,-1,3": "{\\"name\\":\\"+5 Dexterity Vest\\",\\"sellIn\\":2,\\"quality\\":-1}",
  "+5 Dexterity Vest,-1,4": "{\\"name\\":\\"+5 Dexterity Vest\\",\\"sellIn\\":3,\\"quality\\":-1}",
  "+5 Dexterity Vest,-1,5": "{\\"name\\":\\"+5 Dexterity Vest\\",\\"sellIn\\":4,\\"quality\\":-1}",
  "+5 Dexterity Vest,-1,6": "{\\"name\\":\\"+5 Dexterity Vest\\",\\"sellIn\\":5,\\"quality\\":-1}",
  "+5 Dexterity Vest,-1,7": "{\\"name\\":\\"+5 Dexterity Vest\\",\\"sellIn\\":6,\\"quality\\":-1}",
  "+5 Dexterity Vest,-1,8": "{\\"name\\":\\"+5 Dexterity Vest\\",\\"sellIn\\":7,\\"quality\\":-1}",
  "+5 Dexterity Vest,-1,9": "{\\"name\\":\\"+5 Dexterity Vest\\",\\"sellIn\\":8,\\"quality\\":-1}",
  "+5 Dexterity Vest,0,-1": "{\\"name\\":\\"+5 Dexterity Vest\\",\\"sellIn\\":-2,\\"quality\\":0}",
  "+5 Dexterity Vest,0,0": "{\\"name\\":\\"+5 Dexterity Vest\\",\\"sellIn\\":-1,\\"quality\\":0}",
  "+5 Dexterity Vest,0,1": "{\\"name\\":\\"+5 Dexterity Vest\\",\\"sellIn\\":0,\\"quality\\":0}",
  "+5 Dexterity Vest,0,10": "{\\"name\\":\\"+5 Dexterity Vest\\",\\"sellIn\\":9,\\"quality\\":0}",
  "+5 Dexterity Vest,0,11": "{\\"name\\":\\"+5 Dexterity Vest\\",\\"sellIn\\":10,\\"quality\\":0}",
  "+5 Dexterity Vest,0,12": "{\\"name\\":\\"+5 Dexterity Vest\\",\\"sellIn\\":11,\\"quality\\":0}",
  "+5 Dexterity Vest,0,13": "{\\"name\\":\\"+5 Dexterity Vest\\",\\"sellIn\\":12,\\"quality\\":0}",
  "+5 Dexterity Vest,0,14": "{\\"name\\":\\"+5 Dexterity Vest\\",\\"sellIn\\":13,\\"quality\\":0}",
  "+5 Dexterity Vest,0,2": "{\\"name\\":\\"+5 Dexterity Vest\\",\\"sellIn\\":1,\\"quality\\":0}",
  "+5 Dexterity Vest,0,3": "{\\"name\\":\\"+5 Dexterity Vest\\",\\"sellIn\\":2,\\"quality\\":0}",
  "+5 Dexterity Vest,0,4": "{\\"name\\":\\"+5 Dexterity Vest\\",\\"sellIn\\":3,\\"quality\\":0}",
  "+5 Dexterity Vest,0,5": "{\\"name\\":\\"+5 Dexterity Vest\\",\\"sellIn\\":4,\\"quality\\":0}",
  "+5 Dexterity Vest,0,6": "{\\"name\\":\\"+5 Dexterity Vest\\",\\"sellIn\\":5,\\"quality\\":0}",
  "+5 Dexterity Vest,0,7": "{\\"name\\":\\"+5 Dexterity Vest\\",\\"sellIn\\":6,\\"quality\\":0}",
  "+5 Dexterity Vest,0,8": "{\\"name\\":\\"+5 Dexterity Vest\\",\\"sellIn\\":7,\\"quality\\":0}",
  "+5 Dexterity Vest,0,9": "{\\"name\\":\\"+5 Dexterity Vest\\",\\"sellIn\\":8,\\"quality\\":0}",
  "+5 Dexterity Vest,1,-1": "{\\"name\\":\\"+5 Dexterity Vest\\",\\"sellIn\\":-2,\\"quality\\":0}",
  "+5 Dexterity Vest,1,0": "{\\"name\\":\\"+5 Dexterity Vest\\",\\"sellIn\\":-1,\\"quality\\":0}",
  "+5 Dexterity Vest,1,1": "{\\"name\\":\\"+5 Dexterity Vest\\",\\"sellIn\\":0,\\"quality\\":0}",
  "+5 Dexterity Vest,1,10": "{\\"name\\":\\"+5 Dexterity Vest\\",\\"sellIn\\":9,\\"quality\\":0}",
  "+5 Dexterity Vest,1,11": "{\\"name\\":\\"+5 Dexterity Vest\\",\\"sellIn\\":10,\\"quality\\":0}",
  "+5 Dexterity Vest,1,12": "{\\"name\\":\\"+5 Dexterity Vest\\",\\"sellIn\\":11,\\"quality\\":0}",
  "+5 Dexterity Vest,1,13": "{\\"name\\":\\"+5 Dexterity Vest\\",\\"sellIn\\":12,\\"quality\\":0}",
  "+5 Dexterity Vest,1,14": "{\\"name\\":\\"+5 Dexterity Vest\\",\\"sellIn\\":13,\\"quality\\":0}",
  "+5 Dexterity Vest,1,2": "{\\"name\\":\\"+5 Dexterity Vest\\",\\"sellIn\\":1,\\"quality\\":0}",
  "+5 Dexterity Vest,1,3": "{\\"name\\":\\"+5 Dexterity Vest\\",\\"sellIn\\":2,\\"quality\\":0}",
  "+5 Dexterity Vest,1,4": "{\\"name\\":\\"+5 Dexterity Vest\\",\\"sellIn\\":3,\\"quality\\":0}",
  "+5 Dexterity Vest,1,5": "{\\"name\\":\\"+5 Dexterity Vest\\",\\"sellIn\\":4,\\"quality\\":0}",
  "+5 Dexterity Vest,1,6": "{\\"name\\":\\"+5 Dexterity Vest\\",\\"sellIn\\":5,\\"quality\\":0}",
  "+5 Dexterity Vest,1,7": "{\\"name\\":\\"+5 Dexterity Vest\\",\\"sellIn\\":6,\\"quality\\":0}",
  "+5 Dexterity Vest,1,8": "{\\"name\\":\\"+5 Dexterity Vest\\",\\"sellIn\\":7,\\"quality\\":0}",
  "+5 Dexterity Vest,1,9": "{\\"name\\":\\"+5 Dexterity Vest\\",\\"sellIn\\":8,\\"quality\\":0}",
  "+5 Dexterity Vest,49,-1": "{\\"name\\":\\"+5 Dexterity Vest\\",\\"sellIn\\":-2,\\"quality\\":47}",
  "+5 Dexterity Vest,49,0": "{\\"name\\":\\"+5 Dexterity Vest\\",\\"sellIn\\":-1,\\"quality\\":47}",
  "+5 Dexterity Vest,49,1": "{\\"name\\":\\"+5 Dexterity Vest\\",\\"sellIn\\":0,\\"quality\\":48}",
  "+5 Dexterity Vest,49,10": "{\\"name\\":\\"+5 Dexterity Vest\\",\\"sellIn\\":9,\\"quality\\":48}",
  "+5 Dexterity Vest,49,11": "{\\"name\\":\\"+5 Dexterity Vest\\",\\"sellIn\\":10,\\"quality\\":48}",
  "+5 Dexterity Vest,49,12": "{\\"name\\":\\"+5 Dexterity Vest\\",\\"sellIn\\":11,\\"quality\\":48}",
  "+5 Dexterity Vest,49,13": "{\\"name\\":\\"+5 Dexterity Vest\\",\\"sellIn\\":12,\\"quality\\":48}",
  "+5 Dexterity Vest,49,14": "{\\"name\\":\\"+5 Dexterity Vest\\",\\"sellIn\\":13,\\"quality\\":48}",
  "+5 Dexterity Vest,49,2": "{\\"name\\":\\"+5 Dexterity Vest\\",\\"sellIn\\":1,\\"quality\\":48}",
  "+5 Dexterity Vest,49,3": "{\\"name\\":\\"+5 Dexterity Vest\\",\\"sellIn\\":2,\\"quality\\":48}",
  "+5 Dexterity Vest,49,4": "{\\"name\\":\\"+5 Dexterity Vest\\",\\"sellIn\\":3,\\"quality\\":48}",
  "+5 Dexterity Vest,49,5": "{\\"name\\":\\"+5 Dexterity Vest\\",\\"sellIn\\":4,\\"quality\\":48}",
  "+5 Dexterity Vest,49,6": "{\\"name\\":\\"+5 Dexterity Vest\\",\\"sellIn\\":5,\\"quality\\":48}",
  "+5 Dexterity Vest,49,7": "{\\"name\\":\\"+5 Dexterity Vest\\",\\"sellIn\\":6,\\"quality\\":48}",
  "+5 Dexterity Vest,49,8": "{\\"name\\":\\"+5 Dexterity Vest\\",\\"sellIn\\":7,\\"quality\\":48}",
  "+5 Dexterity Vest,49,9": "{\\"name\\":\\"+5 Dexterity Vest\\",\\"sellIn\\":8,\\"quality\\":48}",
  "+5 Dexterity Vest,50,-1": "{\\"name\\":\\"+5 Dexterity Vest\\",\\"sellIn\\":-2,\\"quality\\":48}",
  "+5 Dexterity Vest,50,0": "{\\"name\\":\\"+5 Dexterity Vest\\",\\"sellIn\\":-1,\\"quality\\":48}",
  "+5 Dexterity Vest,50,1": "{\\"name\\":\\"+5 Dexterity Vest\\",\\"sellIn\\":0,\\"quality\\":49}",
  "+5 Dexterity Vest,50,10": "{\\"name\\":\\"+5 Dexterity Vest\\",\\"sellIn\\":9,\\"quality\\":49}",
  "+5 Dexterity Vest,50,11": "{\\"name\\":\\"+5 Dexterity Vest\\",\\"sellIn\\":10,\\"quality\\":49}",
  "+5 Dexterity Vest,50,12": "{\\"name\\":\\"+5 Dexterity Vest\\",\\"sellIn\\":11,\\"quality\\":49}",
  "+5 Dexterity Vest,50,13": "{\\"name\\":\\"+5 Dexterity Vest\\",\\"sellIn\\":12,\\"quality\\":49}",
  "+5 Dexterity Vest,50,14": "{\\"name\\":\\"+5 Dexterity Vest\\",\\"sellIn\\":13,\\"quality\\":49}",
  "+5 Dexterity Vest,50,2": "{\\"name\\":\\"+5 Dexterity Vest\\",\\"sellIn\\":1,\\"quality\\":49}",
  "+5 Dexterity Vest,50,3": "{\\"name\\":\\"+5 Dexterity Vest\\",\\"sellIn\\":2,\\"quality\\":49}",
  "+5 Dexterity Vest,50,4": "{\\"name\\":\\"+5 Dexterity Vest\\",\\"sellIn\\":3,\\"quality\\":49}",
  "+5 Dexterity Vest,50,5": "{\\"name\\":\\"+5 Dexterity Vest\\",\\"sellIn\\":4,\\"quality\\":49}",
  "+5 Dexterity Vest,50,6": "{\\"name\\":\\"+5 Dexterity Vest\\",\\"sellIn\\":5,\\"quality\\":49}",
  "+5 Dexterity Vest,50,7": "{\\"name\\":\\"+5 Dexterity Vest\\",\\"sellIn\\":6,\\"quality\\":49}",
  "+5 Dexterity Vest,50,8": "{\\"name\\":\\"+5 Dexterity Vest\\",\\"sellIn\\":7,\\"quality\\":49}",
  "+5 Dexterity Vest,50,9": "{\\"name\\":\\"+5 Dexterity Vest\\",\\"sellIn\\":8,\\"quality\\":49}",
  "+5 Dexterity Vest,51,-1": "{\\"name\\":\\"+5 Dexterity Vest\\",\\"sellIn\\":-2,\\"quality\\":49}",
  "+5 Dexterity Vest,51,0": "{\\"name\\":\\"+5 Dexterity Vest\\",\\"sellIn\\":-1,\\"quality\\":49}",
  "+5 Dexterity Vest,51,1": "{\\"name\\":\\"+5 Dexterity Vest\\",\\"sellIn\\":0,\\"quality\\":50}",
  "+5 Dexterity Vest,51,10": "{\\"name\\":\\"+5 Dexterity Vest\\",\\"sellIn\\":9,\\"quality\\":50}",
  "+5 Dexterity Vest,51,11": "{\\"name\\":\\"+5 Dexterity Vest\\",\\"sellIn\\":10,\\"quality\\":50}",
  "+5 Dexterity Vest,51,12": "{\\"name\\":\\"+5 Dexterity Vest\\",\\"sellIn\\":11,\\"quality\\":50}",
  "+5 Dexterity Vest,51,13": "{\\"name\\":\\"+5 Dexterity Vest\\",\\"sellIn\\":12,\\"quality\\":50}",
  "+5 Dexterity Vest,51,14": "{\\"name\\":\\"+5 Dexterity Vest\\",\\"sellIn\\":13,\\"quality\\":50}",
  "+5 Dexterity Vest,51,2": "{\\"name\\":\\"+5 Dexterity Vest\\",\\"sellIn\\":1,\\"quality\\":50}",
  "+5 Dexterity Vest,51,3": "{\\"name\\":\\"+5 Dexterity Vest\\",\\"sellIn\\":2,\\"quality\\":50}",
  "+5 Dexterity Vest,51,4": "{\\"name\\":\\"+5 Dexterity Vest\\",\\"sellIn\\":3,\\"quality\\":50}",
  "+5 Dexterity Vest,51,5": "{\\"name\\":\\"+5 Dexterity Vest\\",\\"sellIn\\":4,\\"quality\\":50}",
  "+5 Dexterity Vest,51,6": "{\\"name\\":\\"+5 Dexterity Vest\\",\\"sellIn\\":5,\\"quality\\":50}",
  "+5 Dexterity Vest,51,7": "{\\"name\\":\\"+5 Dexterity Vest\\",\\"sellIn\\":6,\\"quality\\":50}",
  "+5 Dexterity Vest,51,8": "{\\"name\\":\\"+5 Dexterity Vest\\",\\"sellIn\\":7,\\"quality\\":50}",
  "+5 Dexterity Vest,51,9": "{\\"name\\":\\"+5 Dexterity Vest\\",\\"sellIn\\":8,\\"quality\\":50}",
  "Aged Brie,-1,-1": "{\\"name\\":\\"Aged Brie\\",\\"sellIn\\":-2,\\"quality\\":1}",
  "Aged Brie,-1,0": "{\\"name\\":\\"Aged Brie\\",\\"sellIn\\":-1,\\"quality\\":1}",
  "Aged Brie,-1,1": "{\\"name\\":\\"Aged Brie\\",\\"sellIn\\":0,\\"quality\\":0}",
  "Aged Brie,-1,10": "{\\"name\\":\\"Aged Brie\\",\\"sellIn\\":9,\\"quality\\":0}",
  "Aged Brie,-1,11": "{\\"name\\":\\"Aged Brie\\",\\"sellIn\\":10,\\"quality\\":0}",
  "Aged Brie,-1,12": "{\\"name\\":\\"Aged Brie\\",\\"sellIn\\":11,\\"quality\\":0}",
  "Aged Brie,-1,13": "{\\"name\\":\\"Aged Brie\\",\\"sellIn\\":12,\\"quality\\":0}",
  "Aged Brie,-1,14": "{\\"name\\":\\"Aged Brie\\",\\"sellIn\\":13,\\"quality\\":0}",
  "Aged Brie,-1,2": "{\\"name\\":\\"Aged Brie\\",\\"sellIn\\":1,\\"quality\\":0}",
  "Aged Brie,-1,3": "{\\"name\\":\\"Aged Brie\\",\\"sellIn\\":2,\\"quality\\":0}",
  "Aged Brie,-1,4": "{\\"name\\":\\"Aged Brie\\",\\"sellIn\\":3,\\"quality\\":0}",
  "Aged Brie,-1,5": "{\\"name\\":\\"Aged Brie\\",\\"sellIn\\":4,\\"quality\\":0}",
  "Aged Brie,-1,6": "{\\"name\\":\\"Aged Brie\\",\\"sellIn\\":5,\\"quality\\":0}",
  "Aged Brie,-1,7": "{\\"name\\":\\"Aged Brie\\",\\"sellIn\\":6,\\"quality\\":0}",
  "Aged Brie,-1,8": "{\\"name\\":\\"Aged Brie\\",\\"sellIn\\":7,\\"quality\\":0}",
  "Aged Brie,-1,9": "{\\"name\\":\\"Aged Brie\\",\\"sellIn\\":8,\\"quality\\":0}",
  "Aged Brie,0,-1": "{\\"name\\":\\"Aged Brie\\",\\"sellIn\\":-2,\\"quality\\":2}",
  "Aged Brie,0,0": "{\\"name\\":\\"Aged Brie\\",\\"sellIn\\":-1,\\"quality\\":2}",
  "Aged Brie,0,1": "{\\"name\\":\\"Aged Brie\\",\\"sellIn\\":0,\\"quality\\":1}",
  "Aged Brie,0,10": "{\\"name\\":\\"Aged Brie\\",\\"sellIn\\":9,\\"quality\\":1}",
  "Aged Brie,0,11": "{\\"name\\":\\"Aged Brie\\",\\"sellIn\\":10,\\"quality\\":1}",
  "Aged Brie,0,12": "{\\"name\\":\\"Aged Brie\\",\\"sellIn\\":11,\\"quality\\":1}",
  "Aged Brie,0,13": "{\\"name\\":\\"Aged Brie\\",\\"sellIn\\":12,\\"quality\\":1}",
  "Aged Brie,0,14": "{\\"name\\":\\"Aged Brie\\",\\"sellIn\\":13,\\"quality\\":1}",
  "Aged Brie,0,2": "{\\"name\\":\\"Aged Brie\\",\\"sellIn\\":1,\\"quality\\":1}",
  "Aged Brie,0,3": "{\\"name\\":\\"Aged Brie\\",\\"sellIn\\":2,\\"quality\\":1}",
  "Aged Brie,0,4": "{\\"name\\":\\"Aged Brie\\",\\"sellIn\\":3,\\"quality\\":1}",
  "Aged Brie,0,5": "{\\"name\\":\\"Aged Brie\\",\\"sellIn\\":4,\\"quality\\":1}",
  "Aged Brie,0,6": "{\\"name\\":\\"Aged Brie\\",\\"sellIn\\":5,\\"quality\\":1}",
  "Aged Brie,0,7": "{\\"name\\":\\"Aged Brie\\",\\"sellIn\\":6,\\"quality\\":1}",
  "Aged Brie,0,8": "{\\"name\\":\\"Aged Brie\\",\\"sellIn\\":7,\\"quality\\":1}",
  "Aged Brie,0,9": "{\\"name\\":\\"Aged Brie\\",\\"sellIn\\":8,\\"quality\\":1}",
  "Aged Brie,1,-1": "{\\"name\\":\\"Aged Brie\\",\\"sellIn\\":-2,\\"quality\\":3}",
  "Aged Brie,1,0": "{\\"name\\":\\"Aged Brie\\",\\"sellIn\\":-1,\\"quality\\":3}",
  "Aged Brie,1,1": "{\\"name\\":\\"Aged Brie\\",\\"sellIn\\":0,\\"quality\\":2}",
  "Aged Brie,1,10": "{\\"name\\":\\"Aged Brie\\",\\"sellIn\\":9,\\"quality\\":2}",
  "Aged Brie,1,11": "{\\"name\\":\\"Aged Brie\\",\\"sellIn\\":10,\\"quality\\":2}",
  "Aged Brie,1,12": "{\\"name\\":\\"Aged Brie\\",\\"sellIn\\":11,\\"quality\\":2}",
  "Aged Brie,1,13": "{\\"name\\":\\"Aged Brie\\",\\"sellIn\\":12,\\"quality\\":2}",
  "Aged Brie,1,14": "{\\"name\\":\\"Aged Brie\\",\\"sellIn\\":13,\\"quality\\":2}",
  "Aged Brie,1,2": "{\\"name\\":\\"Aged Brie\\",\\"sellIn\\":1,\\"quality\\":2}",
  "Aged Brie,1,3": "{\\"name\\":\\"Aged Brie\\",\\"sellIn\\":2,\\"quality\\":2}",
  "Aged Brie,1,4": "{\\"name\\":\\"Aged Brie\\",\\"sellIn\\":3,\\"quality\\":2}",
  "Aged Brie,1,5": "{\\"name\\":\\"Aged Brie\\",\\"sellIn\\":4,\\"quality\\":2}",
  "Aged Brie,1,6": "{\\"name\\":\\"Aged Brie\\",\\"sellIn\\":5,\\"quality\\":2}",
  "Aged Brie,1,7": "{\\"name\\":\\"Aged Brie\\",\\"sellIn\\":6,\\"quality\\":2}",
  "Aged Brie,1,8": "{\\"name\\":\\"Aged Brie\\",\\"sellIn\\":7,\\"quality\\":2}",
  "Aged Brie,1,9": "{\\"name\\":\\"Aged Brie\\",\\"sellIn\\":8,\\"quality\\":2}",
  "Aged Brie,49,-1": "{\\"name\\":\\"Aged Brie\\",\\"sellIn\\":-2,\\"quality\\":50}",
  "Aged Brie,49,0": "{\\"name\\":\\"Aged Brie\\",\\"sellIn\\":-1,\\"quality\\":50}",
  "Aged Brie,49,1": "{\\"name\\":\\"Aged Brie\\",\\"sellIn\\":0,\\"quality\\":50}",
  "Aged Brie,49,10": "{\\"name\\":\\"Aged Brie\\",\\"sellIn\\":9,\\"quality\\":50}",
  "Aged Brie,49,11": "{\\"name\\":\\"Aged Brie\\",\\"sellIn\\":10,\\"quality\\":50}",
  "Aged Brie,49,12": "{\\"name\\":\\"Aged Brie\\",\\"sellIn\\":11,\\"quality\\":50}",
  "Aged Brie,49,13": "{\\"name\\":\\"Aged Brie\\",\\"sellIn\\":12,\\"quality\\":50}",
  "Aged Brie,49,14": "{\\"name\\":\\"Aged Brie\\",\\"sellIn\\":13,\\"quality\\":50}",
  "Aged Brie,49,2": "{\\"name\\":\\"Aged Brie\\",\\"sellIn\\":1,\\"quality\\":50}",
  "Aged Brie,49,3": "{\\"name\\":\\"Aged Brie\\",\\"sellIn\\":2,\\"quality\\":50}",
  "Aged Brie,49,4": "{\\"name\\":\\"Aged Brie\\",\\"sellIn\\":3,\\"quality\\":50}",
  "Aged Brie,49,5": "{\\"name\\":\\"Aged Brie\\",\\"sellIn\\":4,\\"quality\\":50}",
  "Aged Brie,49,6": "{\\"name\\":\\"Aged Brie\\",\\"sellIn\\":5,\\"quality\\":50}",
  "Aged Brie,49,7": "{\\"name\\":\\"Aged Brie\\",\\"sellIn\\":6,\\"quality\\":50}",
  "Aged Brie,49,8": "{\\"name\\":\\"Aged Brie\\",\\"sellIn\\":7,\\"quality\\":50}",
  "Aged Brie,49,9": "{\\"name\\":\\"Aged Brie\\",\\"sellIn\\":8,\\"quality\\":50}",
  "Aged Brie,50,-1": "{\\"name\\":\\"Aged Brie\\",\\"sellIn\\":-2,\\"quality\\":50}",
  "Aged Brie,50,0": "{\\"name\\":\\"Aged Brie\\",\\"sellIn\\":-1,\\"quality\\":50}",
  "Aged Brie,50,1": "{\\"name\\":\\"Aged Brie\\",\\"sellIn\\":0,\\"quality\\":50}",
  "Aged Brie,50,10": "{\\"name\\":\\"Aged Brie\\",\\"sellIn\\":9,\\"quality\\":50}",
  "Aged Brie,50,11": "{\\"name\\":\\"Aged Brie\\",\\"sellIn\\":10,\\"quality\\":50}",
  "Aged Brie,50,12": "{\\"name\\":\\"Aged Brie\\",\\"sellIn\\":11,\\"quality\\":50}",
  "Aged Brie,50,13": "{\\"name\\":\\"Aged Brie\\",\\"sellIn\\":12,\\"quality\\":50}",
  "Aged Brie,50,14": "{\\"name\\":\\"Aged Brie\\",\\"sellIn\\":13,\\"quality\\":50}",
  "Aged Brie,50,2": "{\\"name\\":\\"Aged Brie\\",\\"sellIn\\":1,\\"quality\\":50}",
  "Aged Brie,50,3": "{\\"name\\":\\"Aged Brie\\",\\"sellIn\\":2,\\"quality\\":50}",
  "Aged Brie,50,4": "{\\"name\\":\\"Aged Brie\\",\\"sellIn\\":3,\\"quality\\":50}",
  "Aged Brie,50,5": "{\\"name\\":\\"Aged Brie\\",\\"sellIn\\":4,\\"quality\\":50}",
  "Aged Brie,50,6": "{\\"name\\":\\"Aged Brie\\",\\"sellIn\\":5,\\"quality\\":50}",
  "Aged Brie,50,7": "{\\"name\\":\\"Aged Brie\\",\\"sellIn\\":6,\\"quality\\":50}",
  "Aged Brie,50,8": "{\\"name\\":\\"Aged Brie\\",\\"sellIn\\":7,\\"quality\\":50}",
  "Aged Brie,50,9": "{\\"name\\":\\"Aged Brie\\",\\"sellIn\\":8,\\"quality\\":50}",
  "Aged Brie,51,-1": "{\\"name\\":\\"Aged Brie\\",\\"sellIn\\":-2,\\"quality\\":51}",
  "Aged Brie,51,0": "{\\"name\\":\\"Aged Brie\\",\\"sellIn\\":-1,\\"quality\\":51}",
  "Aged Brie,51,1": "{\\"name\\":\\"Aged Brie\\",\\"sellIn\\":0,\\"quality\\":51}",
  "Aged Brie,51,10": "{\\"name\\":\\"Aged Brie\\",\\"sellIn\\":9,\\"quality\\":51}",
  "Aged Brie,51,11": "{\\"name\\":\\"Aged Brie\\",\\"sellIn\\":10,\\"quality\\":51}",
  "Aged Brie,51,12": "{\\"name\\":\\"Aged Brie\\",\\"sellIn\\":11,\\"quality\\":51}",
  "Aged Brie,51,13": "{\\"name\\":\\"Aged Brie\\",\\"sellIn\\":12,\\"quality\\":51}",
  "Aged Brie,51,14": "{\\"name\\":\\"Aged Brie\\",\\"sellIn\\":13,\\"quality\\":51}",
  "Aged Brie,51,2": "{\\"name\\":\\"Aged Brie\\",\\"sellIn\\":1,\\"quality\\":51}",
  "Aged Brie,51,3": "{\\"name\\":\\"Aged Brie\\",\\"sellIn\\":2,\\"quality\\":51}",
  "Aged Brie,51,4": "{\\"name\\":\\"Aged Brie\\",\\"sellIn\\":3,\\"quality\\":51}",
  "Aged Brie,51,5": "{\\"name\\":\\"Aged Brie\\",\\"sellIn\\":4,\\"quality\\":51}",
  "Aged Brie,51,6": "{\\"name\\":\\"Aged Brie\\",\\"sellIn\\":5,\\"quality\\":51}",
  "Aged Brie,51,7": "{\\"name\\":\\"Aged Brie\\",\\"sellIn\\":6,\\"quality\\":51}",
  "Aged Brie,51,8": "{\\"name\\":\\"Aged Brie\\",\\"sellIn\\":7,\\"quality\\":51}",
  "Aged Brie,51,9": "{\\"name\\":\\"Aged Brie\\",\\"sellIn\\":8,\\"quality\\":51}",
  "Backstage passes to a TAFKAL80ETC concert,-1,-1": "{\\"name\\":\\"Backstage passes to a TAFKAL80ETC concert\\",\\"sellIn\\":-2,\\"quality\\":0}",
  "Backstage passes to a TAFKAL80ETC concert,-1,0": "{\\"name\\":\\"Backstage passes to a TAFKAL80ETC concert\\",\\"sellIn\\":-1,\\"quality\\":0}",
  "Backstage passes to a TAFKAL80ETC concert,-1,1": "{\\"name\\":\\"Backstage passes to a TAFKAL80ETC concert\\",\\"sellIn\\":0,\\"quality\\":2}",
  "Backstage passes to a TAFKAL80ETC concert,-1,10": "{\\"name\\":\\"Backstage passes to a TAFKAL80ETC concert\\",\\"sellIn\\":9,\\"quality\\":1}",
  "Backstage passes to a TAFKAL80ETC concert,-1,11": "{\\"name\\":\\"Backstage passes to a TAFKAL80ETC concert\\",\\"sellIn\\":10,\\"quality\\":0}",
  "Backstage passes to a TAFKAL80ETC concert,-1,12": "{\\"name\\":\\"Backstage passes to a TAFKAL80ETC concert\\",\\"sellIn\\":11,\\"quality\\":0}",
  "Backstage passes to a TAFKAL80ETC concert,-1,13": "{\\"name\\":\\"Backstage passes to a TAFKAL80ETC concert\\",\\"sellIn\\":12,\\"quality\\":0}",
  "Backstage passes to a TAFKAL80ETC concert,-1,14": "{\\"name\\":\\"Backstage passes to a TAFKAL80ETC concert\\",\\"sellIn\\":13,\\"quality\\":0}",
  "Backstage passes to a TAFKAL80ETC concert,-1,2": "{\\"name\\":\\"Backstage passes to a TAFKAL80ETC concert\\",\\"sellIn\\":1,\\"quality\\":2}",
  "Backstage passes to a TAFKAL80ETC concert,-1,3": "{\\"name\\":\\"Backstage passes to a TAFKAL80ETC concert\\",\\"sellIn\\":2,\\"quality\\":2}",
  "Backstage passes to a TAFKAL80ETC concert,-1,4": "{\\"name\\":\\"Backstage passes to a TAFKAL80ETC concert\\",\\"sellIn\\":3,\\"quality\\":2}",
  "Backstage passes to a TAFKAL80ETC concert,-1,5": "{\\"name\\":\\"Backstage passes to a TAFKAL80ETC concert\\",\\"sellIn\\":4,\\"quality\\":2}",
  "Backstage passes to a TAFKAL80ETC concert,-1,6": "{\\"name\\":\\"Backstage passes to a TAFKAL80ETC concert\\",\\"sellIn\\":5,\\"quality\\":1}",
  "Backstage passes to a TAFKAL80ETC concert,-1,7": "{\\"name\\":\\"Backstage passes to a TAFKAL80ETC concert\\",\\"sellIn\\":6,\\"quality\\":1}",
  "Backstage passes to a TAFKAL80ETC concert,-1,8": "{\\"name\\":\\"Backstage passes to a TAFKAL80ETC concert\\",\\"sellIn\\":7,\\"quality\\":1}",
  "Backstage passes to a TAFKAL80ETC concert,-1,9": "{\\"name\\":\\"Backstage passes to a TAFKAL80ETC concert\\",\\"sellIn\\":8,\\"quality\\":1}",
  "Backstage passes to a TAFKAL80ETC concert,0,-1": "{\\"name\\":\\"Backstage passes to a TAFKAL80ETC concert\\",\\"sellIn\\":-2,\\"quality\\":0}",
  "Backstage passes to a TAFKAL80ETC concert,0,0": "{\\"name\\":\\"Backstage passes to a TAFKAL80ETC concert\\",\\"sellIn\\":-1,\\"quality\\":0}",
  "Backstage passes to a TAFKAL80ETC concert,0,1": "{\\"name\\":\\"Backstage passes to a TAFKAL80ETC concert\\",\\"sellIn\\":0,\\"quality\\":3}",
  "Backstage passes to a TAFKAL80ETC concert,0,10": "{\\"name\\":\\"Backstage passes to a TAFKAL80ETC concert\\",\\"sellIn\\":9,\\"quality\\":2}",
  "Backstage passes to a TAFKAL80ETC concert,0,11": "{\\"name\\":\\"Backstage passes to a TAFKAL80ETC concert\\",\\"sellIn\\":10,\\"quality\\":1}",
  "Backstage passes to a TAFKAL80ETC concert,0,12": "{\\"name\\":\\"Backstage passes to a TAFKAL80ETC concert\\",\\"sellIn\\":11,\\"quality\\":1}",
  "Backstage passes to a TAFKAL80ETC concert,0,13": "{\\"name\\":\\"Backstage passes to a TAFKAL80ETC concert\\",\\"sellIn\\":12,\\"quality\\":1}",
  "Backstage passes to a TAFKAL80ETC concert,0,14": "{\\"name\\":\\"Backstage passes to a TAFKAL80ETC concert\\",\\"sellIn\\":13,\\"quality\\":1}",
  "Backstage passes to a TAFKAL80ETC concert,0,2": "{\\"name\\":\\"Backstage passes to a TAFKAL80ETC concert\\",\\"sellIn\\":1,\\"quality\\":3}",
  "Backstage passes to a TAFKAL80ETC concert,0,3": "{\\"name\\":\\"Backstage passes to a TAFKAL80ETC concert\\",\\"sellIn\\":2,\\"quality\\":3}",
  "Backstage passes to a TAFKAL80ETC concert,0,4": "{\\"name\\":\\"Backstage passes to a TAFKAL80ETC concert\\",\\"sellIn\\":3,\\"quality\\":3}",
  "Backstage passes to a TAFKAL80ETC concert,0,5": "{\\"name\\":\\"Backstage passes to a TAFKAL80ETC concert\\",\\"sellIn\\":4,\\"quality\\":3}",
  "Backstage passes to a TAFKAL80ETC concert,0,6": "{\\"name\\":\\"Backstage passes to a TAFKAL80ETC concert\\",\\"sellIn\\":5,\\"quality\\":2}",
  "Backstage passes to a TAFKAL80ETC concert,0,7": "{\\"name\\":\\"Backstage passes to a TAFKAL80ETC concert\\",\\"sellIn\\":6,\\"quality\\":2}",
  "Backstage passes to a TAFKAL80ETC concert,0,8": "{\\"name\\":\\"Backstage passes to a TAFKAL80ETC concert\\",\\"sellIn\\":7,\\"quality\\":2}",
  "Backstage passes to a TAFKAL80ETC concert,0,9": "{\\"name\\":\\"Backstage passes to a TAFKAL80ETC concert\\",\\"sellIn\\":8,\\"quality\\":2}",
  "Backstage passes to a TAFKAL80ETC concert,1,-1": "{\\"name\\":\\"Backstage passes to a TAFKAL80ETC concert\\",\\"sellIn\\":-2,\\"quality\\":0}",
  "Backstage passes to a TAFKAL80ETC concert,1,0": "{\\"name\\":\\"Backstage passes to a TAFKAL80ETC concert\\",\\"sellIn\\":-1,\\"quality\\":0}",
  "Backstage passes to a TAFKAL80ETC concert,1,1": "{\\"name\\":\\"Backstage passes to a TAFKAL80ETC concert\\",\\"sellIn\\":0,\\"quality\\":4}",
  "Backstage passes to a TAFKAL80ETC concert,1,10": "{\\"name\\":\\"Backstage passes to a TAFKAL80ETC concert\\",\\"sellIn\\":9,\\"quality\\":3}",
  "Backstage passes to a TAFKAL80ETC concert,1,11": "{\\"name\\":\\"Backstage passes to a TAFKAL80ETC concert\\",\\"sellIn\\":10,\\"quality\\":2}",
  "Backstage passes to a TAFKAL80ETC concert,1,12": "{\\"name\\":\\"Backstage passes to a TAFKAL80ETC concert\\",\\"sellIn\\":11,\\"quality\\":2}",
  "Backstage passes to a TAFKAL80ETC concert,1,13": "{\\"name\\":\\"Backstage passes to a TAFKAL80ETC concert\\",\\"sellIn\\":12,\\"quality\\":2}",
  "Backstage passes to a TAFKAL80ETC concert,1,14": "{\\"name\\":\\"Backstage passes to a TAFKAL80ETC concert\\",\\"sellIn\\":13,\\"quality\\":2}",
  "Backstage passes to a TAFKAL80ETC concert,1,2": "{\\"name\\":\\"Backstage passes to a TAFKAL80ETC concert\\",\\"sellIn\\":1,\\"quality\\":4}",
  "Backstage passes to a TAFKAL80ETC concert,1,3": "{\\"name\\":\\"Backstage passes to a TAFKAL80ETC concert\\",\\"sellIn\\":2,\\"quality\\":4}",
  "Backstage passes to a TAFKAL80ETC concert,1,4": "{\\"name\\":\\"Backstage passes to a TAFKAL80ETC concert\\",\\"sellIn\\":3,\\"quality\\":4}",
  "Backstage passes to a TAFKAL80ETC concert,1,5": "{\\"name\\":\\"Backstage passes to a TAFKAL80ETC concert\\",\\"sellIn\\":4,\\"quality\\":4}",
  "Backstage passes to a TAFKAL80ETC concert,1,6": "{\\"name\\":\\"Backstage passes to a TAFKAL80ETC concert\\",\\"sellIn\\":5,\\"quality\\":3}",
  "Backstage passes to a TAFKAL80ETC concert,1,7": "{\\"name\\":\\"Backstage passes to a TAFKAL80ETC concert\\",\\"sellIn\\":6,\\"quality\\":3}",
  "Backstage passes to a TAFKAL80ETC concert,1,8": "{\\"name\\":\\"Backstage passes to a TAFKAL80ETC concert\\",\\"sellIn\\":7,\\"quality\\":3}",
  "Backstage passes to a TAFKAL80ETC concert,1,9": "{\\"name\\":\\"Backstage passes to a TAFKAL80ETC concert\\",\\"sellIn\\":8,\\"quality\\":3}",
  "Backstage passes to a TAFKAL80ETC concert,49,-1": "{\\"name\\":\\"Backstage passes to a TAFKAL80ETC concert\\",\\"sellIn\\":-2,\\"quality\\":0}",
  "Backstage passes to a TAFKAL80ETC concert,49,0": "{\\"name\\":\\"Backstage passes to a TAFKAL80ETC concert\\",\\"sellIn\\":-1,\\"quality\\":0}",
  "Backstage passes to a TAFKAL80ETC concert,49,1": "{\\"name\\":\\"Backstage passes to a TAFKAL80ETC concert\\",\\"sellIn\\":0,\\"quality\\":50}",
  "Backstage passes to a TAFKAL80ETC concert,49,10": "{\\"name\\":\\"Backstage passes to a TAFKAL80ETC concert\\",\\"sellIn\\":9,\\"quality\\":50}",
  "Backstage passes to a TAFKAL80ETC concert,49,11": "{\\"name\\":\\"Backstage passes to a TAFKAL80ETC concert\\",\\"sellIn\\":10,\\"quality\\":50}",
  "Backstage passes to a TAFKAL80ETC concert,49,12": "{\\"name\\":\\"Backstage passes to a TAFKAL80ETC concert\\",\\"sellIn\\":11,\\"quality\\":50}",
  "Backstage passes to a TAFKAL80ETC concert,49,13": "{\\"name\\":\\"Backstage passes to a TAFKAL80ETC concert\\",\\"sellIn\\":12,\\"quality\\":50}",
  "Backstage passes to a TAFKAL80ETC concert,49,14": "{\\"name\\":\\"Backstage passes to a TAFKAL80ETC concert\\",\\"sellIn\\":13,\\"quality\\":50}",
  "Backstage passes to a TAFKAL80ETC concert,49,2": "{\\"name\\":\\"Backstage passes to a TAFKAL80ETC concert\\",\\"sellIn\\":1,\\"quality\\":50}",
  "Backstage passes to a TAFKAL80ETC concert,49,3": "{\\"name\\":\\"Backstage passes to a TAFKAL80ETC concert\\",\\"sellIn\\":2,\\"quality\\":50}",
  "Backstage passes to a TAFKAL80ETC concert,49,4": "{\\"name\\":\\"Backstage passes to a TAFKAL80ETC concert\\",\\"sellIn\\":3,\\"quality\\":50}",
  "Backstage passes to a TAFKAL80ETC concert,49,5": "{\\"name\\":\\"Backstage passes to a TAFKAL80ETC concert\\",\\"sellIn\\":4,\\"quality\\":50}",
  "Backstage passes to a TAFKAL80ETC concert,49,6": "{\\"name\\":\\"Backstage passes to a TAFKAL80ETC concert\\",\\"sellIn\\":5,\\"quality\\":50}",
  "Backstage passes to a TAFKAL80ETC concert,49,7": "{\\"name\\":\\"Backstage passes to a TAFKAL80ETC concert\\",\\"sellIn\\":6,\\"quality\\":50}",
  "Backstage passes to a TAFKAL80ETC concert,49,8": "{\\"name\\":\\"Backstage passes to a TAFKAL80ETC concert\\",\\"sellIn\\":7,\\"quality\\":50}",
  "Backstage passes to a TAFKAL80ETC concert,49,9": "{\\"name\\":\\"Backstage passes to a TAFKAL80ETC concert\\",\\"sellIn\\":8,\\"quality\\":50}",
  "Backstage passes to a TAFKAL80ETC concert,50,-1": "{\\"name\\":\\"Backstage passes to a TAFKAL80ETC concert\\",\\"sellIn\\":-2,\\"quality\\":0}",
  "Backstage passes to a TAFKAL80ETC concert,50,0": "{\\"name\\":\\"Backstage passes to a TAFKAL80ETC concert\\",\\"sellIn\\":-1,\\"quality\\":0}",
  "Backstage passes to a TAFKAL80ETC concert,50,1": "{\\"name\\":\\"Backstage passes to a TAFKAL80ETC concert\\",\\"sellIn\\":0,\\"quality\\":50}",
  "Backstage passes to a TAFKAL80ETC concert,50,10": "{\\"name\\":\\"Backstage passes to a TAFKAL80ETC concert\\",\\"sellIn\\":9,\\"quality\\":50}",
  "Backstage passes to a TAFKAL80ETC concert,50,11": "{\\"name\\":\\"Backstage passes to a TAFKAL80ETC concert\\",\\"sellIn\\":10,\\"quality\\":50}",
  "Backstage passes to a TAFKAL80ETC concert,50,12": "{\\"name\\":\\"Backstage passes to a TAFKAL80ETC concert\\",\\"sellIn\\":11,\\"quality\\":50}",
  "Backstage passes to a TAFKAL80ETC concert,50,13": "{\\"name\\":\\"Backstage passes to a TAFKAL80ETC concert\\",\\"sellIn\\":12,\\"quality\\":50}",
  "Backstage passes to a TAFKAL80ETC concert,50,14": "{\\"name\\":\\"Backstage passes to a TAFKAL80ETC concert\\",\\"sellIn\\":13,\\"quality\\":50}",
  "Backstage passes to a TAFKAL80ETC concert,50,2": "{\\"name\\":\\"Backstage passes to a TAFKAL80ETC concert\\",\\"sellIn\\":1,\\"quality\\":50}",
  "Backstage passes to a TAFKAL80ETC concert,50,3": "{\\"name\\":\\"Backstage passes to a TAFKAL80ETC concert\\",\\"sellIn\\":2,\\"quality\\":50}",
  "Backstage passes to a TAFKAL80ETC concert,50,4": "{\\"name\\":\\"Backstage passes to a TAFKAL80ETC concert\\",\\"sellIn\\":3,\\"quality\\":50}",
  "Backstage passes to a TAFKAL80ETC concert,50,5": "{\\"name\\":\\"Backstage passes to a TAFKAL80ETC concert\\",\\"sellIn\\":4,\\"quality\\":50}",
  "Backstage passes to a TAFKAL80ETC concert,50,6": "{\\"name\\":\\"Backstage passes to a TAFKAL80ETC concert\\",\\"sellIn\\":5,\\"quality\\":50}",
  "Backstage passes to a TAFKAL80ETC concert,50,7": "{\\"name\\":\\"Backstage passes to a TAFKAL80ETC concert\\",\\"sellIn\\":6,\\"quality\\":50}",
  "Backstage passes to a TAFKAL80ETC concert,50,8": "{\\"name\\":\\"Backstage passes to a TAFKAL80ETC concert\\",\\"sellIn\\":7,\\"quality\\":50}",
  "Backstage passes to a TAFKAL80ETC concert,50,9": "{\\"name\\":\\"Backstage passes to a TAFKAL80ETC concert\\",\\"sellIn\\":8,\\"quality\\":50}",
  "Backstage passes to a TAFKAL80ETC concert,51,-1": "{\\"name\\":\\"Backstage passes to a TAFKAL80ETC concert\\",\\"sellIn\\":-2,\\"quality\\":0}",
  "Backstage passes to a TAFKAL80ETC concert,51,0": "{\\"name\\":\\"Backstage passes to a TAFKAL80ETC concert\\",\\"sellIn\\":-1,\\"quality\\":0}",
  "Backstage passes to a TAFKAL80ETC concert,51,1": "{\\"name\\":\\"Backstage passes to a TAFKAL80ETC concert\\",\\"sellIn\\":0,\\"quality\\":51}",
  "Backstage passes to a TAFKAL80ETC concert,51,10": "{\\"name\\":\\"Backstage passes to a TAFKAL80ETC concert\\",\\"sellIn\\":9,\\"quality\\":51}",
  "Backstage passes to a TAFKAL80ETC concert,51,11": "{\\"name\\":\\"Backstage passes to a TAFKAL80ETC concert\\",\\"sellIn\\":10,\\"quality\\":51}",
  "Backstage passes to a TAFKAL80ETC concert,51,12": "{\\"name\\":\\"Backstage passes to a TAFKAL80ETC concert\\",\\"sellIn\\":11,\\"quality\\":51}",
  "Backstage passes to a TAFKAL80ETC concert,51,13": "{\\"name\\":\\"Backstage passes to a TAFKAL80ETC concert\\",\\"sellIn\\":12,\\"quality\\":51}",
  "Backstage passes to a TAFKAL80ETC concert,51,14": "{\\"name\\":\\"Backstage passes to a TAFKAL80ETC concert\\",\\"sellIn\\":13,\\"quality\\":51}",
  "Backstage passes to a TAFKAL80ETC concert,51,2": "{\\"name\\":\\"Backstage passes to a TAFKAL80ETC concert\\",\\"sellIn\\":1,\\"quality\\":51}",
  "Backstage passes to a TAFKAL80ETC concert,51,3": "{\\"name\\":\\"Backstage passes to a TAFKAL80ETC concert\\",\\"sellIn\\":2,\\"quality\\":51}",
  "Backstage passes to a TAFKAL80ETC concert,51,4": "{\\"name\\":\\"Backstage passes to a TAFKAL80ETC concert\\",\\"sellIn\\":3,\\"quality\\":51}",
  "Backstage passes to a TAFKAL80ETC concert,51,5": "{\\"name\\":\\"Backstage passes to a TAFKAL80ETC concert\\",\\"sellIn\\":4,\\"quality\\":51}",
  "Backstage passes to a TAFKAL80ETC concert,51,6": "{\\"name\\":\\"Backstage passes to a TAFKAL80ETC concert\\",\\"sellIn\\":5,\\"quality\\":51}",
  "Backstage passes to a TAFKAL80ETC concert,51,7": "{\\"name\\":\\"Backstage passes to a TAFKAL80ETC concert\\",\\"sellIn\\":6,\\"quality\\":51}",
  "Backstage passes to a TAFKAL80ETC concert,51,8": "{\\"name\\":\\"Backstage passes to a TAFKAL80ETC concert\\",\\"sellIn\\":7,\\"quality\\":51}",
  "Backstage passes to a TAFKAL80ETC concert,51,9": "{\\"name\\":\\"Backstage passes to a TAFKAL80ETC concert\\",\\"sellIn\\":8,\\"quality\\":51}",
  "Elixir of the Mongoose,-1,-1": "{\\"name\\":\\"Elixir of the Mongoose\\",\\"sellIn\\":-2,\\"quality\\":-1}",
  "Elixir of the Mongoose,-1,0": "{\\"name\\":\\"Elixir of the Mongoose\\",\\"sellIn\\":-1,\\"quality\\":-1}",
  "Elixir of the Mongoose,-1,1": "{\\"name\\":\\"Elixir of the Mongoose\\",\\"sellIn\\":0,\\"quality\\":-1}",
  "Elixir of the Mongoose,-1,10": "{\\"name\\":\\"Elixir of the Mongoose\\",\\"sellIn\\":9,\\"quality\\":-1}",
  "Elixir of the Mongoose,-1,11": "{\\"name\\":\\"Elixir of the Mongoose\\",\\"sellIn\\":10,\\"quality\\":-1}",
  "Elixir of the Mongoose,-1,12": "{\\"name\\":\\"Elixir of the Mongoose\\",\\"sellIn\\":11,\\"quality\\":-1}",
  "Elixir of the Mongoose,-1,13": "{\\"name\\":\\"Elixir of the Mongoose\\",\\"sellIn\\":12,\\"quality\\":-1}",
  "Elixir of the Mongoose,-1,14": "{\\"name\\":\\"Elixir of the Mongoose\\",\\"sellIn\\":13,\\"quality\\":-1}",
  "Elixir of the Mongoose,-1,2": "{\\"name\\":\\"Elixir of the Mongoose\\",\\"sellIn\\":1,\\"quality\\":-1}",
  "Elixir of the Mongoose,-1,3": "{\\"name\\":\\"Elixir of the Mongoose\\",\\"sellIn\\":2,\\"quality\\":-1}",
  "Elixir of the Mongoose,-1,4": "{\\"name\\":\\"Elixir of the Mongoose\\",\\"sellIn\\":3,\\"quality\\":-1}",
  "Elixir of the Mongoose,-1,5": "{\\"name\\":\\"Elixir of the Mongoose\\",\\"sellIn\\":4,\\"quality\\":-1}",
  "Elixir of the Mongoose,-1,6": "{\\"name\\":\\"Elixir of the Mongoose\\",\\"sellIn\\":5,\\"quality\\":-1}",
  "Elixir of the Mongoose,-1,7": "{\\"name\\":\\"Elixir of the Mongoose\\",\\"sellIn\\":6,\\"quality\\":-1}",
  "Elixir of the Mongoose,-1,8": "{\\"name\\":\\"Elixir of the Mongoose\\",\\"sellIn\\":7,\\"quality\\":-1}",
  "Elixir of the Mongoose,-1,9": "{\\"name\\":\\"Elixir of the Mongoose\\",\\"sellIn\\":8,\\"quality\\":-1}",
  "Elixir of the Mongoose,0,-1": "{\\"name\\":\\"Elixir of the Mongoose\\",\\"sellIn\\":-2,\\"quality\\":0}",
  "Elixir of the Mongoose,0,0": "{\\"name\\":\\"Elixir of the Mongoose\\",\\"sellIn\\":-1,\\"quality\\":0}",
  "Elixir of the Mongoose,0,1": "{\\"name\\":\\"Elixir of the Mongoose\\",\\"sellIn\\":0,\\"quality\\":0}",
  "Elixir of the Mongoose,0,10": "{\\"name\\":\\"Elixir of the Mongoose\\",\\"sellIn\\":9,\\"quality\\":0}",
  "Elixir of the Mongoose,0,11": "{\\"name\\":\\"Elixir of the Mongoose\\",\\"sellIn\\":10,\\"quality\\":0}",
  "Elixir of the Mongoose,0,12": "{\\"name\\":\\"Elixir of the Mongoose\\",\\"sellIn\\":11,\\"quality\\":0}",
  "Elixir of the Mongoose,0,13": "{\\"name\\":\\"Elixir of the Mongoose\\",\\"sellIn\\":12,\\"quality\\":0}",
  "Elixir of the Mongoose,0,14": "{\\"name\\":\\"Elixir of the Mongoose\\",\\"sellIn\\":13,\\"quality\\":0}",
  "Elixir of the Mongoose,0,2": "{\\"name\\":\\"Elixir of the Mongoose\\",\\"sellIn\\":1,\\"quality\\":0}",
  "Elixir of the Mongoose,0,3": "{\\"name\\":\\"Elixir of the Mongoose\\",\\"sellIn\\":2,\\"quality\\":0}",
  "Elixir of the Mongoose,0,4": "{\\"name\\":\\"Elixir of the Mongoose\\",\\"sellIn\\":3,\\"quality\\":0}",
  "Elixir of the Mongoose,0,5": "{\\"name\\":\\"Elixir of the Mongoose\\",\\"sellIn\\":4,\\"quality\\":0}",
  "Elixir of the Mongoose,0,6": "{\\"name\\":\\"Elixir of the Mongoose\\",\\"sellIn\\":5,\\"quality\\":0}",
  "Elixir of the Mongoose,0,7": "{\\"name\\":\\"Elixir of the Mongoose\\",\\"sellIn\\":6,\\"quality\\":0}",
  "Elixir of the Mongoose,0,8": "{\\"name\\":\\"Elixir of the Mongoose\\",\\"sellIn\\":7,\\"quality\\":0}",
  "Elixir of the Mongoose,0,9": "{\\"name\\":\\"Elixir of the Mongoose\\",\\"sellIn\\":8,\\"quality\\":0}",
  "Elixir of the Mongoose,1,-1": "{\\"name\\":\\"Elixir of the Mongoose\\",\\"sellIn\\":-2,\\"quality\\":0}",
  "Elixir of the Mongoose,1,0": "{\\"name\\":\\"Elixir of the Mongoose\\",\\"sellIn\\":-1,\\"quality\\":0}",
  "Elixir of the Mongoose,1,1": "{\\"name\\":\\"Elixir of the Mongoose\\",\\"sellIn\\":0,\\"quality\\":0}",
  "Elixir of the Mongoose,1,10": "{\\"name\\":\\"Elixir of the Mongoose\\",\\"sellIn\\":9,\\"quality\\":0}",
  "Elixir of the Mongoose,1,11": "{\\"name\\":\\"Elixir of the Mongoose\\",\\"sellIn\\":10,\\"quality\\":0}",
  "Elixir of the Mongoose,1,12": "{\\"name\\":\\"Elixir of the Mongoose\\",\\"sellIn\\":11,\\"quality\\":0}",
  "Elixir of the Mongoose,1,13": "{\\"name\\":\\"Elixir of the Mongoose\\",\\"sellIn\\":12,\\"quality\\":0}",
  "Elixir of the Mongoose,1,14": "{\\"name\\":\\"Elixir of the Mongoose\\",\\"sellIn\\":13,\\"quality\\":0}",
  "Elixir of the Mongoose,1,2": "{\\"name\\":\\"Elixir of the Mongoose\\",\\"sellIn\\":1,\\"quality\\":0}",
  "Elixir of the Mongoose,1,3": "{\\"name\\":\\"Elixir of the Mongoose\\",\\"sellIn\\":2,\\"quality\\":0}",
  "Elixir of the Mongoose,1,4": "{\\"name\\":\\"Elixir of the Mongoose\\",\\"sellIn\\":3,\\"quality\\":0}",
  "Elixir of the Mongoose,1,5": "{\\"name\\":\\"Elixir of the Mongoose\\",\\"sellIn\\":4,\\"quality\\":0}",
  "Elixir of the Mongoose,1,6": "{\\"name\\":\\"Elixir of the Mongoose\\",\\"sellIn\\":5,\\"quality\\":0}",
  "Elixir of the Mongoose,1,7": "{\\"name\\":\\"Elixir of the Mongoose\\",\\"sellIn\\":6,\\"quality\\":0}",
  "Elixir of the Mongoose,1,8": "{\\"name\\":\\"Elixir of the Mongoose\\",\\"sellIn\\":7,\\"quality\\":0}",
  "Elixir of the Mongoose,1,9": "{\\"name\\":\\"Elixir of the Mongoose\\",\\"sellIn\\":8,\\"quality\\":0}",
  "Elixir of the Mongoose,49,-1": "{\\"name\\":\\"Elixir of the Mongoose\\",\\"sellIn\\":-2,\\"quality\\":47}",
  "Elixir of the Mongoose,49,0": "{\\"name\\":\\"Elixir of the Mongoose\\",\\"sellIn\\":-1,\\"quality\\":47}",
  "Elixir of the Mongoose,49,1": "{\\"name\\":\\"Elixir of the Mongoose\\",\\"sellIn\\":0,\\"quality\\":48}",
  "Elixir of the Mongoose,49,10": "{\\"name\\":\\"Elixir of the Mongoose\\",\\"sellIn\\":9,\\"quality\\":48}",
  "Elixir of the Mongoose,49,11": "{\\"name\\":\\"Elixir of the Mongoose\\",\\"sellIn\\":10,\\"quality\\":48}",
  "Elixir of the Mongoose,49,12": "{\\"name\\":\\"Elixir of the Mongoose\\",\\"sellIn\\":11,\\"quality\\":48}",
  "Elixir of the Mongoose,49,13": "{\\"name\\":\\"Elixir of the Mongoose\\",\\"sellIn\\":12,\\"quality\\":48}",
  "Elixir of the Mongoose,49,14": "{\\"name\\":\\"Elixir of the Mongoose\\",\\"sellIn\\":13,\\"quality\\":48}",
  "Elixir of the Mongoose,49,2": "{\\"name\\":\\"Elixir of the Mongoose\\",\\"sellIn\\":1,\\"quality\\":48}",
  "Elixir of the Mongoose,49,3": "{\\"name\\":\\"Elixir of the Mongoose\\",\\"sellIn\\":2,\\"quality\\":48}",
  "Elixir of the Mongoose,49,4": "{\\"name\\":\\"Elixir of the Mongoose\\",\\"sellIn\\":3,\\"quality\\":48}",
  "Elixir of the Mongoose,49,5": "{\\"name\\":\\"Elixir of the Mongoose\\",\\"sellIn\\":4,\\"quality\\":48}",
  "Elixir of the Mongoose,49,6": "{\\"name\\":\\"Elixir of the Mongoose\\",\\"sellIn\\":5,\\"quality\\":48}",
  "Elixir of the Mongoose,49,7": "{\\"name\\":\\"Elixir of the Mongoose\\",\\"sellIn\\":6,\\"quality\\":48}",
  "Elixir of the Mongoose,49,8": "{\\"name\\":\\"Elixir of the Mongoose\\",\\"sellIn\\":7,\\"quality\\":48}",
  "Elixir of the Mongoose,49,9": "{\\"name\\":\\"Elixir of the Mongoose\\",\\"sellIn\\":8,\\"quality\\":48}",
  "Elixir of the Mongoose,50,-1": "{\\"name\\":\\"Elixir of the Mongoose\\",\\"sellIn\\":-2,\\"quality\\":48}",
  "Elixir of the Mongoose,50,0": "{\\"name\\":\\"Elixir of the Mongoose\\",\\"sellIn\\":-1,\\"quality\\":48}",
  "Elixir of the Mongoose,50,1": "{\\"name\\":\\"Elixir of the Mongoose\\",\\"sellIn\\":0,\\"quality\\":49}",
  "Elixir of the Mongoose,50,10": "{\\"name\\":\\"Elixir of the Mongoose\\",\\"sellIn\\":9,\\"quality\\":49}",
  "Elixir of the Mongoose,50,11": "{\\"name\\":\\"Elixir of the Mongoose\\",\\"sellIn\\":10,\\"quality\\":49}",
  "Elixir of the Mongoose,50,12": "{\\"name\\":\\"Elixir of the Mongoose\\",\\"sellIn\\":11,\\"quality\\":49}",
  "Elixir of the Mongoose,50,13": "{\\"name\\":\\"Elixir of the Mongoose\\",\\"sellIn\\":12,\\"quality\\":49}",
  "Elixir of the Mongoose,50,14": "{\\"name\\":\\"Elixir of the Mongoose\\",\\"sellIn\\":13,\\"quality\\":49}",
  "Elixir of the Mongoose,50,2": "{\\"name\\":\\"Elixir of the Mongoose\\",\\"sellIn\\":1,\\"quality\\":49}",
  "Elixir of the Mongoose,50,3": "{\\"name\\":\\"Elixir of the Mongoose\\",\\"sellIn\\":2,\\"quality\\":49}",
  "Elixir of the Mongoose,50,4": "{\\"name\\":\\"Elixir of the Mongoose\\",\\"sellIn\\":3,\\"quality\\":49}",
  "Elixir of the Mongoose,50,5": "{\\"name\\":\\"Elixir of the Mongoose\\",\\"sellIn\\":4,\\"quality\\":49}",
  "Elixir of the Mongoose,50,6": "{\\"name\\":\\"Elixir of the Mongoose\\",\\"sellIn\\":5,\\"quality\\":49}",
  "Elixir of the Mongoose,50,7": "{\\"name\\":\\"Elixir of the Mongoose\\",\\"sellIn\\":6,\\"quality\\":49}",
  "Elixir of the Mongoose,50,8": "{\\"name\\":\\"Elixir of the Mongoose\\",\\"sellIn\\":7,\\"quality\\":49}",
  "Elixir of the Mongoose,50,9": "{\\"name\\":\\"Elixir of the Mongoose\\",\\"sellIn\\":8,\\"quality\\":49}",
  "Elixir of the Mongoose,51,-1": "{\\"name\\":\\"Elixir of the Mongoose\\",\\"sellIn\\":-2,\\"quality\\":49}",
  "Elixir of the Mongoose,51,0": "{\\"name\\":\\"Elixir of the Mongoose\\",\\"sellIn\\":-1,\\"quality\\":49}",
  "Elixir of the Mongoose,51,1": "{\\"name\\":\\"Elixir of the Mongoose\\",\\"sellIn\\":0,\\"quality\\":50}",
  "Elixir of the Mongoose,51,10": "{\\"name\\":\\"Elixir of the Mongoose\\",\\"sellIn\\":9,\\"quality\\":50}",
  "Elixir of the Mongoose,51,11": "{\\"name\\":\\"Elixir of the Mongoose\\",\\"sellIn\\":10,\\"quality\\":50}",
  "Elixir of the Mongoose,51,12": "{\\"name\\":\\"Elixir of the Mongoose\\",\\"sellIn\\":11,\\"quality\\":50}",
  "Elixir of the Mongoose,51,13": "{\\"name\\":\\"Elixir of the Mongoose\\",\\"sellIn\\":12,\\"quality\\":50}",
  "Elixir of the Mongoose,51,14": "{\\"name\\":\\"Elixir of the Mongoose\\",\\"sellIn\\":13,\\"quality\\":50}",
  "Elixir of the Mongoose,51,2": "{\\"name\\":\\"Elixir of the Mongoose\\",\\"sellIn\\":1,\\"quality\\":50}",
  "Elixir of the Mongoose,51,3": "{\\"name\\":\\"Elixir of the Mongoose\\",\\"sellIn\\":2,\\"quality\\":50}",
  "Elixir of the Mongoose,51,4": "{\\"name\\":\\"Elixir of the Mongoose\\",\\"sellIn\\":3,\\"quality\\":50}",
  "Elixir of the Mongoose,51,5": "{\\"name\\":\\"Elixir of the Mongoose\\",\\"sellIn\\":4,\\"quality\\":50}",
  "Elixir of the Mongoose,51,6": "{\\"name\\":\\"Elixir of the Mongoose\\",\\"sellIn\\":5,\\"quality\\":50}",
  "Elixir of the Mongoose,51,7": "{\\"name\\":\\"Elixir of the Mongoose\\",\\"sellIn\\":6,\\"quality\\":50}",
  "Elixir of the Mongoose,51,8": "{\\"name\\":\\"Elixir of the Mongoose\\",\\"sellIn\\":7,\\"quality\\":50}",
  "Elixir of the Mongoose,51,9": "{\\"name\\":\\"Elixir of the Mongoose\\",\\"sellIn\\":8,\\"quality\\":50}",
  "Sulfuras, Hand of Ragnaros,-1,-1": "{\\"name\\":\\"Sulfuras, Hand of Ragnaros\\",\\"sellIn\\":-1,\\"quality\\":-1}",
  "Sulfuras, Hand of Ragnaros,-1,0": "{\\"name\\":\\"Sulfuras, Hand of Ragnaros\\",\\"sellIn\\":0,\\"quality\\":-1}",
  "Sulfuras, Hand of Ragnaros,-1,1": "{\\"name\\":\\"Sulfuras, Hand of Ragnaros\\",\\"sellIn\\":1,\\"quality\\":-1}",
  "Sulfuras, Hand of Ragnaros,-1,10": "{\\"name\\":\\"Sulfuras, Hand of Ragnaros\\",\\"sellIn\\":10,\\"quality\\":-1}",
  "Sulfuras, Hand of Ragnaros,-1,11": "{\\"name\\":\\"Sulfuras, Hand of Ragnaros\\",\\"sellIn\\":11,\\"quality\\":-1}",
  "Sulfuras, Hand of Ragnaros,-1,12": "{\\"name\\":\\"Sulfuras, Hand of Ragnaros\\",\\"sellIn\\":12,\\"quality\\":-1}",
  "Sulfuras, Hand of Ragnaros,-1,13": "{\\"name\\":\\"Sulfuras, Hand of Ragnaros\\",\\"sellIn\\":13,\\"quality\\":-1}",
  "Sulfuras, Hand of Ragnaros,-1,14": "{\\"name\\":\\"Sulfuras, Hand of Ragnaros\\",\\"sellIn\\":14,\\"quality\\":-1}",
  "Sulfuras, Hand of Ragnaros,-1,2": "{\\"name\\":\\"Sulfuras, Hand of Ragnaros\\",\\"sellIn\\":2,\\"quality\\":-1}",
  "Sulfuras, Hand of Ragnaros,-1,3": "{\\"name\\":\\"Sulfuras, Hand of Ragnaros\\",\\"sellIn\\":3,\\"quality\\":-1}",
  "Sulfuras, Hand of Ragnaros,-1,4": "{\\"name\\":\\"Sulfuras, Hand of Ragnaros\\",\\"sellIn\\":4,\\"quality\\":-1}",
  "Sulfuras, Hand of Ragnaros,-1,5": "{\\"name\\":\\"Sulfuras, Hand of Ragnaros\\",\\"sellIn\\":5,\\"quality\\":-1}",
  "Sulfuras, Hand of Ragnaros,-1,6": "{\\"name\\":\\"Sulfuras, Hand of Ragnaros\\",\\"sellIn\\":6,\\"quality\\":-1}",
  "Sulfuras, Hand of Ragnaros,-1,7": "{\\"name\\":\\"Sulfuras, Hand of Ragnaros\\",\\"sellIn\\":7,\\"quality\\":-1}",
  "Sulfuras, Hand of Ragnaros,-1,8": "{\\"name\\":\\"Sulfuras, Hand of Ragnaros\\",\\"sellIn\\":8,\\"quality\\":-1}",
  "Sulfuras, Hand of Ragnaros,-1,9": "{\\"name\\":\\"Sulfuras, Hand of Ragnaros\\",\\"sellIn\\":9,\\"quality\\":-1}",
  "Sulfuras, Hand of Ragnaros,0,-1": "{\\"name\\":\\"Sulfuras, Hand of Ragnaros\\",\\"sellIn\\":-1,\\"quality\\":0}",
  "Sulfuras, Hand of Ragnaros,0,0": "{\\"name\\":\\"Sulfuras, Hand of Ragnaros\\",\\"sellIn\\":0,\\"quality\\":0}",
  "Sulfuras, Hand of Ragnaros,0,1": "{\\"name\\":\\"Sulfuras, Hand of Ragnaros\\",\\"sellIn\\":1,\\"quality\\":0}",
  "Sulfuras, Hand of Ragnaros,0,10": "{\\"name\\":\\"Sulfuras, Hand of Ragnaros\\",\\"sellIn\\":10,\\"quality\\":0}",
  "Sulfuras, Hand of Ragnaros,0,11": "{\\"name\\":\\"Sulfuras, Hand of Ragnaros\\",\\"sellIn\\":11,\\"quality\\":0}",
  "Sulfuras, Hand of Ragnaros,0,12": "{\\"name\\":\\"Sulfuras, Hand of Ragnaros\\",\\"sellIn\\":12,\\"quality\\":0}",
  "Sulfuras, Hand of Ragnaros,0,13": "{\\"name\\":\\"Sulfuras, Hand of Ragnaros\\",\\"sellIn\\":13,\\"quality\\":0}",
  "Sulfuras, Hand of Ragnaros,0,14": "{\\"name\\":\\"Sulfuras, Hand of Ragnaros\\",\\"sellIn\\":14,\\"quality\\":0}",
  "Sulfuras, Hand of Ragnaros,0,2": "{\\"name\\":\\"Sulfuras, Hand of Ragnaros\\",\\"sellIn\\":2,\\"quality\\":0}",
  "Sulfuras, Hand of Ragnaros,0,3": "{\\"name\\":\\"Sulfuras, Hand of Ragnaros\\",\\"sellIn\\":3,\\"quality\\":0}",
  "Sulfuras, Hand of Ragnaros,0,4": "{\\"name\\":\\"Sulfuras, Hand of Ragnaros\\",\\"sellIn\\":4,\\"quality\\":0}",
  "Sulfuras, Hand of Ragnaros,0,5": "{\\"name\\":\\"Sulfuras, Hand of Ragnaros\\",\\"sellIn\\":5,\\"quality\\":0}",
  "Sulfuras, Hand of Ragnaros,0,6": "{\\"name\\":\\"Sulfuras, Hand of Ragnaros\\",\\"sellIn\\":6,\\"quality\\":0}",
  "Sulfuras, Hand of Ragnaros,0,7": "{\\"name\\":\\"Sulfuras, Hand of Ragnaros\\",\\"sellIn\\":7,\\"quality\\":0}",
  "Sulfuras, Hand of Ragnaros,0,8": "{\\"name\\":\\"Sulfuras, Hand of Ragnaros\\",\\"sellIn\\":8,\\"quality\\":0}",
  "Sulfuras, Hand of Ragnaros,0,9": "{\\"name\\":\\"Sulfuras, Hand of Ragnaros\\",\\"sellIn\\":9,\\"quality\\":0}",
  "Sulfuras, Hand of Ragnaros,1,-1": "{\\"name\\":\\"Sulfuras, Hand of Ragnaros\\",\\"sellIn\\":-1,\\"quality\\":1}",
  "Sulfuras, Hand of Ragnaros,1,0": "{\\"name\\":\\"Sulfuras, Hand of Ragnaros\\",\\"sellIn\\":0,\\"quality\\":1}",
  "Sulfuras, Hand of Ragnaros,1,1": "{\\"name\\":\\"Sulfuras, Hand of Ragnaros\\",\\"sellIn\\":1,\\"quality\\":1}",
  "Sulfuras, Hand of Ragnaros,1,10": "{\\"name\\":\\"Sulfuras, Hand of Ragnaros\\",\\"sellIn\\":10,\\"quality\\":1}",
  "Sulfuras, Hand of Ragnaros,1,11": "{\\"name\\":\\"Sulfuras, Hand of Ragnaros\\",\\"sellIn\\":11,\\"quality\\":1}",
  "Sulfuras, Hand of Ragnaros,1,12": "{\\"name\\":\\"Sulfuras, Hand of Ragnaros\\",\\"sellIn\\":12,\\"quality\\":1}",
  "Sulfuras, Hand of Ragnaros,1,13": "{\\"name\\":\\"Sulfuras, Hand of Ragnaros\\",\\"sellIn\\":13,\\"quality\\":1}",
  "Sulfuras, Hand of Ragnaros,1,14": "{\\"name\\":\\"Sulfuras, Hand of Ragnaros\\",\\"sellIn\\":14,\\"quality\\":1}",
  "Sulfuras, Hand of Ragnaros,1,2": "{\\"name\\":\\"Sulfuras, Hand of Ragnaros\\",\\"sellIn\\":2,\\"quality\\":1}",
  "Sulfuras, Hand of Ragnaros,1,3": "{\\"name\\":\\"Sulfuras, Hand of Ragnaros\\",\\"sellIn\\":3,\\"quality\\":1}",
  "Sulfuras, Hand of Ragnaros,1,4": "{\\"name\\":\\"Sulfuras, Hand of Ragnaros\\",\\"sellIn\\":4,\\"quality\\":1}",
  "Sulfuras, Hand of Ragnaros,1,5": "{\\"name\\":\\"Sulfuras, Hand of Ragnaros\\",\\"sellIn\\":5,\\"quality\\":1}",
  "Sulfuras, Hand of Ragnaros,1,6": "{\\"name\\":\\"Sulfuras, Hand of Ragnaros\\",\\"sellIn\\":6,\\"quality\\":1}",
  "Sulfuras, Hand of Ragnaros,1,7": "{\\"name\\":\\"Sulfuras, Hand of Ragnaros\\",\\"sellIn\\":7,\\"quality\\":1}",
  "Sulfuras, Hand of Ragnaros,1,8": "{\\"name\\":\\"Sulfuras, Hand of Ragnaros\\",\\"sellIn\\":8,\\"quality\\":1}",
  "Sulfuras, Hand of Ragnaros,1,9": "{\\"name\\":\\"Sulfuras, Hand of Ragnaros\\",\\"sellIn\\":9,\\"quality\\":1}",
  "Sulfuras, Hand of Ragnaros,49,-1": "{\\"name\\":\\"Sulfuras, Hand of Ragnaros\\",\\"sellIn\\":-1,\\"quality\\":49}",
  "Sulfuras, Hand of Ragnaros,49,0": "{\\"name\\":\\"Sulfuras, Hand of Ragnaros\\",\\"sellIn\\":0,\\"quality\\":49}",
  "Sulfuras, Hand of Ragnaros,49,1": "{\\"name\\":\\"Sulfuras, Hand of Ragnaros\\",\\"sellIn\\":1,\\"quality\\":49}",
  "Sulfuras, Hand of Ragnaros,49,10": "{\\"name\\":\\"Sulfuras, Hand of Ragnaros\\",\\"sellIn\\":10,\\"quality\\":49}",
  "Sulfuras, Hand of Ragnaros,49,11": "{\\"name\\":\\"Sulfuras, Hand of Ragnaros\\",\\"sellIn\\":11,\\"quality\\":49}",
  "Sulfuras, Hand of Ragnaros,49,12": "{\\"name\\":\\"Sulfuras, Hand of Ragnaros\\",\\"sellIn\\":12,\\"quality\\":49}",
  "Sulfuras, Hand of Ragnaros,49,13": "{\\"name\\":\\"Sulfuras, Hand of Ragnaros\\",\\"sellIn\\":13,\\"quality\\":49}",
  "Sulfuras, Hand of Ragnaros,49,14": "{\\"name\\":\\"Sulfuras, Hand of Ragnaros\\",\\"sellIn\\":14,\\"quality\\":49}",
  "Sulfuras, Hand of Ragnaros,49,2": "{\\"name\\":\\"Sulfuras, Hand of Ragnaros\\",\\"sellIn\\":2,\\"quality\\":49}",
  "Sulfuras, Hand of Ragnaros,49,3": "{\\"name\\":\\"Sulfuras, Hand of Ragnaros\\",\\"sellIn\\":3,\\"quality\\":49}",
  "Sulfuras, Hand of Ragnaros,49,4": "{\\"name\\":\\"Sulfuras, Hand of Ragnaros\\",\\"sellIn\\":4,\\"quality\\":49}",
  "Sulfuras, Hand of Ragnaros,49,5": "{\\"name\\":\\"Sulfuras, Hand of Ragnaros\\",\\"sellIn\\":5,\\"quality\\":49}",
  "Sulfuras, Hand of Ragnaros,49,6": "{\\"name\\":\\"Sulfuras, Hand of Ragnaros\\",\\"sellIn\\":6,\\"quality\\":49}",
  "Sulfuras, Hand of Ragnaros,49,7": "{\\"name\\":\\"Sulfuras, Hand of Ragnaros\\",\\"sellIn\\":7,\\"quality\\":49}",
  "Sulfuras, Hand of Ragnaros,49,8": "{\\"name\\":\\"Sulfuras, Hand of Ragnaros\\",\\"sellIn\\":8,\\"quality\\":49}",
  "Sulfuras, Hand of Ragnaros,49,9": "{\\"name\\":\\"Sulfuras, Hand of Ragnaros\\",\\"sellIn\\":9,\\"quality\\":49}",
  "Sulfuras, Hand of Ragnaros,50,-1": "{\\"name\\":\\"Sulfuras, Hand of Ragnaros\\",\\"sellIn\\":-1,\\"quality\\":50}",
  "Sulfuras, Hand of Ragnaros,50,0": "{\\"name\\":\\"Sulfuras, Hand of Ragnaros\\",\\"sellIn\\":0,\\"quality\\":50}",
  "Sulfuras, Hand of Ragnaros,50,1": "{\\"name\\":\\"Sulfuras, Hand of Ragnaros\\",\\"sellIn\\":1,\\"quality\\":50}",
  "Sulfuras, Hand of Ragnaros,50,10": "{\\"name\\":\\"Sulfuras, Hand of Ragnaros\\",\\"sellIn\\":10,\\"quality\\":50}",
  "Sulfuras, Hand of Ragnaros,50,11": "{\\"name\\":\\"Sulfuras, Hand of Ragnaros\\",\\"sellIn\\":11,\\"quality\\":50}",
  "Sulfuras, Hand of Ragnaros,50,12": "{\\"name\\":\\"Sulfuras, Hand of Ragnaros\\",\\"sellIn\\":12,\\"quality\\":50}",
  "Sulfuras, Hand of Ragnaros,50,13": "{\\"name\\":\\"Sulfuras, Hand of Ragnaros\\",\\"sellIn\\":13,\\"quality\\":50}",
  "Sulfuras, Hand of Ragnaros,50,14": "{\\"name\\":\\"Sulfuras, Hand of Ragnaros\\",\\"sellIn\\":14,\\"quality\\":50}",
  "Sulfuras, Hand of Ragnaros,50,2": "{\\"name\\":\\"Sulfuras, Hand of Ragnaros\\",\\"sellIn\\":2,\\"quality\\":50}",
  "Sulfuras, Hand of Ragnaros,50,3": "{\\"name\\":\\"Sulfuras, Hand of Ragnaros\\",\\"sellIn\\":3,\\"quality\\":50}",
  "Sulfuras, Hand of Ragnaros,50,4": "{\\"name\\":\\"Sulfuras, Hand of Ragnaros\\",\\"sellIn\\":4,\\"quality\\":50}",
  "Sulfuras, Hand of Ragnaros,50,5": "{\\"name\\":\\"Sulfuras, Hand of Ragnaros\\",\\"sellIn\\":5,\\"quality\\":50}",
  "Sulfuras, Hand of Ragnaros,50,6": "{\\"name\\":\\"Sulfuras, Hand of Ragnaros\\",\\"sellIn\\":6,\\"quality\\":50}",
  "Sulfuras, Hand of Ragnaros,50,7": "{\\"name\\":\\"Sulfuras, Hand of Ragnaros\\",\\"sellIn\\":7,\\"quality\\":50}",
  "Sulfuras, Hand of Ragnaros,50,8": "{\\"name\\":\\"Sulfuras, Hand of Ragnaros\\",\\"sellIn\\":8,\\"quality\\":50}",
  "Sulfuras, Hand of Ragnaros,50,9": "{\\"name\\":\\"Sulfuras, Hand of Ragnaros\\",\\"sellIn\\":9,\\"quality\\":50}",
  "Sulfuras, Hand of Ragnaros,51,-1": "{\\"name\\":\\"Sulfuras, Hand of Ragnaros\\",\\"sellIn\\":-1,\\"quality\\":51}",
  "Sulfuras, Hand of Ragnaros,51,0": "{\\"name\\":\\"Sulfuras, Hand of Ragnaros\\",\\"sellIn\\":0,\\"quality\\":51}",
  "Sulfuras, Hand of Ragnaros,51,1": "{\\"name\\":\\"Sulfuras, Hand of Ragnaros\\",\\"sellIn\\":1,\\"quality\\":51}",
  "Sulfuras, Hand of Ragnaros,51,10": "{\\"name\\":\\"Sulfuras, Hand of Ragnaros\\",\\"sellIn\\":10,\\"quality\\":51}",
  "Sulfuras, Hand of Ragnaros,51,11": "{\\"name\\":\\"Sulfuras, Hand of Ragnaros\\",\\"sellIn\\":11,\\"quality\\":51}",
  "Sulfuras, Hand of Ragnaros,51,12": "{\\"name\\":\\"Sulfuras, Hand of Ragnaros\\",\\"sellIn\\":12,\\"quality\\":51}",
  "Sulfuras, Hand of Ragnaros,51,13": "{\\"name\\":\\"Sulfuras, Hand of Ragnaros\\",\\"sellIn\\":13,\\"quality\\":51}",
  "Sulfuras, Hand of Ragnaros,51,14": "{\\"name\\":\\"Sulfuras, Hand of Ragnaros\\",\\"sellIn\\":14,\\"quality\\":51}",
  "Sulfuras, Hand of Ragnaros,51,2": "{\\"name\\":\\"Sulfuras, Hand of Ragnaros\\",\\"sellIn\\":2,\\"quality\\":51}",
  "Sulfuras, Hand of Ragnaros,51,3": "{\\"name\\":\\"Sulfuras, Hand of Ragnaros\\",\\"sellIn\\":3,\\"quality\\":51}",
  "Sulfuras, Hand of Ragnaros,51,4": "{\\"name\\":\\"Sulfuras, Hand of Ragnaros\\",\\"sellIn\\":4,\\"quality\\":51}",
  "Sulfuras, Hand of Ragnaros,51,5": "{\\"name\\":\\"Sulfuras, Hand of Ragnaros\\",\\"sellIn\\":5,\\"quality\\":51}",
  "Sulfuras, Hand of Ragnaros,51,6": "{\\"name\\":\\"Sulfuras, Hand of Ragnaros\\",\\"sellIn\\":6,\\"quality\\":51}",
  "Sulfuras, Hand of Ragnaros,51,7": "{\\"name\\":\\"Sulfuras, Hand of Ragnaros\\",\\"sellIn\\":7,\\"quality\\":51}",
  "Sulfuras, Hand of Ragnaros,51,8": "{\\"name\\":\\"Sulfuras, Hand of Ragnaros\\",\\"sellIn\\":8,\\"quality\\":51}",
  "Sulfuras, Hand of Ragnaros,51,9": "{\\"name\\":\\"Sulfuras, Hand of Ragnaros\\",\\"sellIn\\":9,\\"quality\\":51}",
  "foo,-1,-1": "{\\"name\\":\\"foo\\",\\"sellIn\\":-2,\\"quality\\":-1}",
  "foo,-1,0": "{\\"name\\":\\"foo\\",\\"sellIn\\":-1,\\"quality\\":-1}",
  "foo,-1,1": "{\\"name\\":\\"foo\\",\\"sellIn\\":0,\\"quality\\":-1}",
  "foo,-1,10": "{\\"name\\":\\"foo\\",\\"sellIn\\":9,\\"quality\\":-1}",
  "foo,-1,11": "{\\"name\\":\\"foo\\",\\"sellIn\\":10,\\"quality\\":-1}",
  "foo,-1,12": "{\\"name\\":\\"foo\\",\\"sellIn\\":11,\\"quality\\":-1}",
  "foo,-1,13": "{\\"name\\":\\"foo\\",\\"sellIn\\":12,\\"quality\\":-1}",
  "foo,-1,14": "{\\"name\\":\\"foo\\",\\"sellIn\\":13,\\"quality\\":-1}",
  "foo,-1,2": "{\\"name\\":\\"foo\\",\\"sellIn\\":1,\\"quality\\":-1}",
  "foo,-1,3": "{\\"name\\":\\"foo\\",\\"sellIn\\":2,\\"quality\\":-1}",
  "foo,-1,4": "{\\"name\\":\\"foo\\",\\"sellIn\\":3,\\"quality\\":-1}",
  "foo,-1,5": "{\\"name\\":\\"foo\\",\\"sellIn\\":4,\\"quality\\":-1}",
  "foo,-1,6": "{\\"name\\":\\"foo\\",\\"sellIn\\":5,\\"quality\\":-1}",
  "foo,-1,7": "{\\"name\\":\\"foo\\",\\"sellIn\\":6,\\"quality\\":-1}",
  "foo,-1,8": "{\\"name\\":\\"foo\\",\\"sellIn\\":7,\\"quality\\":-1}",
  "foo,-1,9": "{\\"name\\":\\"foo\\",\\"sellIn\\":8,\\"quality\\":-1}",
  "foo,0,-1": "{\\"name\\":\\"foo\\",\\"sellIn\\":-2,\\"quality\\":0}",
  "foo,0,0": "{\\"name\\":\\"foo\\",\\"sellIn\\":-1,\\"quality\\":0}",
  "foo,0,1": "{\\"name\\":\\"foo\\",\\"sellIn\\":0,\\"quality\\":0}",
  "foo,0,10": "{\\"name\\":\\"foo\\",\\"sellIn\\":9,\\"quality\\":0}",
  "foo,0,11": "{\\"name\\":\\"foo\\",\\"sellIn\\":10,\\"quality\\":0}",
  "foo,0,12": "{\\"name\\":\\"foo\\",\\"sellIn\\":11,\\"quality\\":0}",
  "foo,0,13": "{\\"name\\":\\"foo\\",\\"sellIn\\":12,\\"quality\\":0}",
  "foo,0,14": "{\\"name\\":\\"foo\\",\\"sellIn\\":13,\\"quality\\":0}",
  "foo,0,2": "{\\"name\\":\\"foo\\",\\"sellIn\\":1,\\"quality\\":0}",
  "foo,0,3": "{\\"name\\":\\"foo\\",\\"sellIn\\":2,\\"quality\\":0}",
  "foo,0,4": "{\\"name\\":\\"foo\\",\\"sellIn\\":3,\\"quality\\":0}",
  "foo,0,5": "{\\"name\\":\\"foo\\",\\"sellIn\\":4,\\"quality\\":0}",
  "foo,0,6": "{\\"name\\":\\"foo\\",\\"sellIn\\":5,\\"quality\\":0}",
  "foo,0,7": "{\\"name\\":\\"foo\\",\\"sellIn\\":6,\\"quality\\":0}",
  "foo,0,8": "{\\"name\\":\\"foo\\",\\"sellIn\\":7,\\"quality\\":0}",
  "foo,0,9": "{\\"name\\":\\"foo\\",\\"sellIn\\":8,\\"quality\\":0}",
  "foo,1,-1": "{\\"name\\":\\"foo\\",\\"sellIn\\":-2,\\"quality\\":0}",
  "foo,1,0": "{\\"name\\":\\"foo\\",\\"sellIn\\":-1,\\"quality\\":0}",
  "foo,1,1": "{\\"name\\":\\"foo\\",\\"sellIn\\":0,\\"quality\\":0}",
  "foo,1,10": "{\\"name\\":\\"foo\\",\\"sellIn\\":9,\\"quality\\":0}",
  "foo,1,11": "{\\"name\\":\\"foo\\",\\"sellIn\\":10,\\"quality\\":0}",
  "foo,1,12": "{\\"name\\":\\"foo\\",\\"sellIn\\":11,\\"quality\\":0}",
  "foo,1,13": "{\\"name\\":\\"foo\\",\\"sellIn\\":12,\\"quality\\":0}",
  "foo,1,14": "{\\"name\\":\\"foo\\",\\"sellIn\\":13,\\"quality\\":0}",
  "foo,1,2": "{\\"name\\":\\"foo\\",\\"sellIn\\":1,\\"quality\\":0}",
  "foo,1,3": "{\\"name\\":\\"foo\\",\\"sellIn\\":2,\\"quality\\":0}",
  "foo,1,4": "{\\"name\\":\\"foo\\",\\"sellIn\\":3,\\"quality\\":0}",
  "foo,1,5": "{\\"name\\":\\"foo\\",\\"sellIn\\":4,\\"quality\\":0}",
  "foo,1,6": "{\\"name\\":\\"foo\\",\\"sellIn\\":5,\\"quality\\":0}",
  "foo,1,7": "{\\"name\\":\\"foo\\",\\"sellIn\\":6,\\"quality\\":0}",
  "foo,1,8": "{\\"name\\":\\"foo\\",\\"sellIn\\":7,\\"quality\\":0}",
  "foo,1,9": "{\\"name\\":\\"foo\\",\\"sellIn\\":8,\\"quality\\":0}",
  "foo,49,-1": "{\\"name\\":\\"foo\\",\\"sellIn\\":-2,\\"quality\\":47}",
  "foo,49,0": "{\\"name\\":\\"foo\\",\\"sellIn\\":-1,\\"quality\\":47}",
  "foo,49,1": "{\\"name\\":\\"foo\\",\\"sellIn\\":0,\\"quality\\":48}",
  "foo,49,10": "{\\"name\\":\\"foo\\",\\"sellIn\\":9,\\"quality\\":48}",
  "foo,49,11": "{\\"name\\":\\"foo\\",\\"sellIn\\":10,\\"quality\\":48}",
  "foo,49,12": "{\\"name\\":\\"foo\\",\\"sellIn\\":11,\\"quality\\":48}",
  "foo,49,13": "{\\"name\\":\\"foo\\",\\"sellIn\\":12,\\"quality\\":48}",
  "foo,49,14": "{\\"name\\":\\"foo\\",\\"sellIn\\":13,\\"quality\\":48}",
  "foo,49,2": "{\\"name\\":\\"foo\\",\\"sellIn\\":1,\\"quality\\":48}",
  "foo,49,3": "{\\"name\\":\\"foo\\",\\"sellIn\\":2,\\"quality\\":48}",
  "foo,49,4": "{\\"name\\":\\"foo\\",\\"sellIn\\":3,\\"quality\\":48}",
  "foo,49,5": "{\\"name\\":\\"foo\\",\\"sellIn\\":4,\\"quality\\":48}",
  "foo,49,6": "{\\"name\\":\\"foo\\",\\"sellIn\\":5,\\"quality\\":48}",
  "foo,49,7": "{\\"name\\":\\"foo\\",\\"sellIn\\":6,\\"quality\\":48}",
  "foo,49,8": "{\\"name\\":\\"foo\\",\\"sellIn\\":7,\\"quality\\":48}",
  "foo,49,9": "{\\"name\\":\\"foo\\",\\"sellIn\\":8,\\"quality\\":48}",
  "foo,50,-1": "{\\"name\\":\\"foo\\",\\"sellIn\\":-2,\\"quality\\":48}",
  "foo,50,0": "{\\"name\\":\\"foo\\",\\"sellIn\\":-1,\\"quality\\":48}",
  "foo,50,1": "{\\"name\\":\\"foo\\",\\"sellIn\\":0,\\"quality\\":49}",
  "foo,50,10": "{\\"name\\":\\"foo\\",\\"sellIn\\":9,\\"quality\\":49}",
  "foo,50,11": "{\\"name\\":\\"foo\\",\\"sellIn\\":10,\\"quality\\":49}",
  "foo,50,12": "{\\"name\\":\\"foo\\",\\"sellIn\\":11,\\"quality\\":49}",
  "foo,50,13": "{\\"name\\":\\"foo\\",\\"sellIn\\":12,\\"quality\\":49}",
  "foo,50,14": "{\\"name\\":\\"foo\\",\\"sellIn\\":13,\\"quality\\":49}",
  "foo,50,2": "{\\"name\\":\\"foo\\",\\"sellIn\\":1,\\"quality\\":49}",
  "foo,50,3": "{\\"name\\":\\"foo\\",\\"sellIn\\":2,\\"quality\\":49}",
  "foo,50,4": "{\\"name\\":\\"foo\\",\\"sellIn\\":3,\\"quality\\":49}",
  "foo,50,5": "{\\"name\\":\\"foo\\",\\"sellIn\\":4,\\"quality\\":49}",
  "foo,50,6": "{\\"name\\":\\"foo\\",\\"sellIn\\":5,\\"quality\\":49}",
  "foo,50,7": "{\\"name\\":\\"foo\\",\\"sellIn\\":6,\\"quality\\":49}",
  "foo,50,8": "{\\"name\\":\\"foo\\",\\"sellIn\\":7,\\"quality\\":49}",
  "foo,50,9": "{\\"name\\":\\"foo\\",\\"sellIn\\":8,\\"quality\\":49}",
  "foo,51,-1": "{\\"name\\":\\"foo\\",\\"sellIn\\":-2,\\"quality\\":49}",
  "foo,51,0": "{\\"name\\":\\"foo\\",\\"sellIn\\":-1,\\"quality\\":49}",
  "foo,51,1": "{\\"name\\":\\"foo\\",\\"sellIn\\":0,\\"quality\\":50}",
  "foo,51,10": "{\\"name\\":\\"foo\\",\\"sellIn\\":9,\\"quality\\":50}",
  "foo,51,11": "{\\"name\\":\\"foo\\",\\"sellIn\\":10,\\"quality\\":50}",
  "foo,51,12": "{\\"name\\":\\"foo\\",\\"sellIn\\":11,\\"quality\\":50}",
  "foo,51,13": "{\\"name\\":\\"foo\\",\\"sellIn\\":12,\\"quality\\":50}",
  "foo,51,14": "{\\"name\\":\\"foo\\",\\"sellIn\\":13,\\"quality\\":50}",
  "foo,51,2": "{\\"name\\":\\"foo\\",\\"sellIn\\":1,\\"quality\\":50}",
  "foo,51,3": "{\\"name\\":\\"foo\\",\\"sellIn\\":2,\\"quality\\":50}",
  "foo,51,4": "{\\"name\\":\\"foo\\",\\"sellIn\\":3,\\"quality\\":50}",
  "foo,51,5": "{\\"name\\":\\"foo\\",\\"sellIn\\":4,\\"quality\\":50}",
  "foo,51,6": "{\\"name\\":\\"foo\\",\\"sellIn\\":5,\\"quality\\":50}",
  "foo,51,7": "{\\"name\\":\\"foo\\",\\"sellIn\\":6,\\"quality\\":50}",
  "foo,51,8": "{\\"name\\":\\"foo\\",\\"sellIn\\":7,\\"quality\\":50}",
  "foo,51,9": "{\\"name\\":\\"foo\\",\\"sellIn\\":8,\\"quality\\":50}",
}
`;
